Archive member included to satisfy reference by file (symbol)

c:/program files (x86)/atollic/truestudio for stm32 9.3.0/armtools/bin/../lib/gcc/arm-atollic-eabi/6.3.1/../../../../arm-atollic-eabi/lib/armv7e-m/fpu\libc_nano.a(lib_a-errno.o)
                              Src\syscalls.o (__errno)
c:/program files (x86)/atollic/truestudio for stm32 9.3.0/armtools/bin/../lib/gcc/arm-atollic-eabi/6.3.1/../../../../arm-atollic-eabi/lib/armv7e-m/fpu\libc_nano.a(lib_a-impure.o)
                              c:/program files (x86)/atollic/truestudio for stm32 9.3.0/armtools/bin/../lib/gcc/arm-atollic-eabi/6.3.1/../../../../arm-atollic-eabi/lib/armv7e-m/fpu\libc_nano.a(lib_a-errno.o) (_impure_ptr)
c:/program files (x86)/atollic/truestudio for stm32 9.3.0/armtools/bin/../lib/gcc/arm-atollic-eabi/6.3.1/../../../../arm-atollic-eabi/lib/armv7e-m/fpu\libc_nano.a(lib_a-init.o)
                              startup\startup_stm32f303xe.o (__libc_init_array)
c:/program files (x86)/atollic/truestudio for stm32 9.3.0/armtools/bin/../lib/gcc/arm-atollic-eabi/6.3.1/../../../../arm-atollic-eabi/lib/armv7e-m/fpu\libc_nano.a(lib_a-memset.o)
                              Src\main.o (memset)

Allocating common symbols
Common symbol       size              file

htim4               0x40              Src\main.o
uwTick              0x4               Drivers\STM32F3xx_HAL_Driver\Src\stm32f3xx_hal.o
pFlash              0x20              Drivers\STM32F3xx_HAL_Driver\Src\stm32f3xx_hal_flash.o
htim3               0x40              Src\main.o
huart2              0x70              Src\main.o

Discarded input sections

 .text          0x00000000        0x0 c:/program files (x86)/atollic/truestudio for stm32 9.3.0/armtools/bin/../lib/gcc/arm-atollic-eabi/6.3.1/armv7e-m/fpu/crti.o
 .data          0x00000000        0x0 c:/program files (x86)/atollic/truestudio for stm32 9.3.0/armtools/bin/../lib/gcc/arm-atollic-eabi/6.3.1/armv7e-m/fpu/crti.o
 .bss           0x00000000        0x0 c:/program files (x86)/atollic/truestudio for stm32 9.3.0/armtools/bin/../lib/gcc/arm-atollic-eabi/6.3.1/armv7e-m/fpu/crti.o
 .data          0x00000000        0x4 c:/program files (x86)/atollic/truestudio for stm32 9.3.0/armtools/bin/../lib/gcc/arm-atollic-eabi/6.3.1/armv7e-m/fpu/crtbegin.o
 .text          0x00000000        0x0 Drivers\STM32F3xx_HAL_Driver\Src\stm32f3xx_hal.o
 .data          0x00000000        0x0 Drivers\STM32F3xx_HAL_Driver\Src\stm32f3xx_hal.o
 .bss           0x00000000        0x0 Drivers\STM32F3xx_HAL_Driver\Src\stm32f3xx_hal.o
 .text.HAL_MspInit
                0x00000000        0x4 Drivers\STM32F3xx_HAL_Driver\Src\stm32f3xx_hal.o
 .text.HAL_MspDeInit
                0x00000000        0x4 Drivers\STM32F3xx_HAL_Driver\Src\stm32f3xx_hal.o
 .text.HAL_DeInit
                0x00000000       0x24 Drivers\STM32F3xx_HAL_Driver\Src\stm32f3xx_hal.o
 .text.HAL_GetTickPrio
                0x00000000        0xc Drivers\STM32F3xx_HAL_Driver\Src\stm32f3xx_hal.o
 .text.HAL_SetTickFreq
                0x00000000       0x24 Drivers\STM32F3xx_HAL_Driver\Src\stm32f3xx_hal.o
 .text.HAL_GetTickFreq
                0x00000000        0xc Drivers\STM32F3xx_HAL_Driver\Src\stm32f3xx_hal.o
 .text.HAL_SuspendTick
                0x00000000       0x10 Drivers\STM32F3xx_HAL_Driver\Src\stm32f3xx_hal.o
 .text.HAL_ResumeTick
                0x00000000       0x10 Drivers\STM32F3xx_HAL_Driver\Src\stm32f3xx_hal.o
 .text.HAL_GetHalVersion
                0x00000000        0x8 Drivers\STM32F3xx_HAL_Driver\Src\stm32f3xx_hal.o
 .text.HAL_GetREVID
                0x00000000        0xc Drivers\STM32F3xx_HAL_Driver\Src\stm32f3xx_hal.o
 .text.HAL_GetDEVID
                0x00000000       0x10 Drivers\STM32F3xx_HAL_Driver\Src\stm32f3xx_hal.o
 .text.HAL_GetUIDw0
                0x00000000        0xc Drivers\STM32F3xx_HAL_Driver\Src\stm32f3xx_hal.o
 .text.HAL_GetUIDw1
                0x00000000        0xc Drivers\STM32F3xx_HAL_Driver\Src\stm32f3xx_hal.o
 .text.HAL_GetUIDw2
                0x00000000        0xc Drivers\STM32F3xx_HAL_Driver\Src\stm32f3xx_hal.o
 .text.HAL_DBGMCU_EnableDBGSleepMode
                0x00000000       0x10 Drivers\STM32F3xx_HAL_Driver\Src\stm32f3xx_hal.o
 .text.HAL_DBGMCU_DisableDBGSleepMode
                0x00000000       0x10 Drivers\STM32F3xx_HAL_Driver\Src\stm32f3xx_hal.o
 .text.HAL_DBGMCU_EnableDBGStopMode
                0x00000000       0x10 Drivers\STM32F3xx_HAL_Driver\Src\stm32f3xx_hal.o
 .text.HAL_DBGMCU_DisableDBGStopMode
                0x00000000       0x10 Drivers\STM32F3xx_HAL_Driver\Src\stm32f3xx_hal.o
 .text.HAL_DBGMCU_EnableDBGStandbyMode
                0x00000000       0x10 Drivers\STM32F3xx_HAL_Driver\Src\stm32f3xx_hal.o
 .text.HAL_DBGMCU_DisableDBGStandbyMode
                0x00000000       0x10 Drivers\STM32F3xx_HAL_Driver\Src\stm32f3xx_hal.o
 .text          0x00000000        0x0 Drivers\STM32F3xx_HAL_Driver\Src\stm32f3xx_hal_cortex.o
[...]
Memory Configuration

Name             Origin             Length             Attributes
RAM              0x20000000         0x00010000         xrw
CCMRAM           0x10000000         0x00004000         rw
FLASH            0x08000000         0x00080000         xr
*default*        0x00000000         0xffffffff

Linker script and memory map

LOAD c:/program files (x86)/atollic/truestudio for stm32 9.3.0/armtools/bin/../lib/gcc/arm-atollic-eabi/6.3.1/armv7e-m/fpu/crti.o
LOAD c:/program files (x86)/atollic/truestudio for stm32 9.3.0/armtools/bin/../lib/gcc/arm-atollic-eabi/6.3.1/armv7e-m/fpu/crtbegin.o
LOAD Drivers\STM32F3xx_HAL_Driver\Src\stm32f3xx_hal.o
LOAD Drivers\STM32F3xx_HAL_Driver\Src\stm32f3xx_hal_cortex.o
LOAD Drivers\STM32F3xx_HAL_Driver\Src\stm32f3xx_hal_dma.o
LOAD Drivers\STM32F3xx_HAL_Driver\Src\stm32f3xx_hal_flash.o
LOAD Drivers\STM32F3xx_HAL_Driver\Src\stm32f3xx_hal_flash_ex.o
LOAD Drivers\STM32F3xx_HAL_Driver\Src\stm32f3xx_hal_gpio.o
LOAD Drivers\STM32F3xx_HAL_Driver\Src\stm32f3xx_hal_i2c.o
LOAD Drivers\STM32F3xx_HAL_Driver\Src\stm32f3xx_hal_i2c_ex.o
LOAD Drivers\STM32F3xx_HAL_Driver\Src\stm32f3xx_hal_pwr.o
LOAD Drivers\STM32F3xx_HAL_Driver\Src\stm32f3xx_hal_pwr_ex.o
LOAD Drivers\STM32F3xx_HAL_Driver\Src\stm32f3xx_hal_rcc.o
LOAD Drivers\STM32F3xx_HAL_Driver\Src\stm32f3xx_hal_rcc_ex.o
LOAD Drivers\STM32F3xx_HAL_Driver\Src\stm32f3xx_hal_tim.o
LOAD Drivers\STM32F3xx_HAL_Driver\Src\stm32f3xx_hal_tim_ex.o
LOAD Drivers\STM32F3xx_HAL_Driver\Src\stm32f3xx_hal_uart.o
LOAD Drivers\STM32F3xx_HAL_Driver\Src\stm32f3xx_hal_uart_ex.o
LOAD Src\main.o
LOAD Src\stm32f3xx_hal_msp.o
LOAD Src\stm32f3xx_it.o
LOAD Src\syscalls.o
LOAD Src\system_stm32f3xx.o
LOAD startup\startup_stm32f303xe.o
                0x00000080                malloc_getpagesize_P = 0x80
START GROUP
LOAD c:/program files (x86)/atollic/truestudio for stm32 9.3.0/armtools/bin/../lib/gcc/arm-atollic-eabi/6.3.1/../../../../arm-atollic-eabi/lib/armv7e-m/fpu\libc_nano.a
LOAD c:/program files (x86)/atollic/truestudio for stm32 9.3.0/armtools/bin/../lib/gcc/arm-atollic-eabi/6.3.1/../../../../arm-atollic-eabi/lib/armv7e-m/fpu\libm.a
END GROUP
START GROUP
LOAD c:/program files (x86)/atollic/truestudio for stm32 9.3.0/armtools/bin/../lib/gcc/arm-atollic-eabi/6.3.1/armv7e-m/fpu\libgcc.a
LOAD c:/program files (x86)/atollic/truestudio for stm32 9.3.0/armtools/bin/../lib/gcc/arm-atollic-eabi/6.3.1/../../../../arm-atollic-eabi/lib/armv7e-m/fpu\libc_nano.a
END GROUP
START GROUP
LOAD c:/program files (x86)/atollic/truestudio for stm32 9.3.0/armtools/bin/../lib/gcc/arm-atollic-eabi/6.3.1/armv7e-m/fpu\libgcc.a
LOAD c:/program files (x86)/atollic/truestudio for stm32 9.3.0/armtools/bin/../lib/gcc/arm-atollic-eabi/6.3.1/../../../../arm-atollic-eabi/lib/armv7e-m/fpu\libc_nano.a
LOAD c:/program files (x86)/atollic/truestudio for stm32 9.3.0/armtools/bin/../lib/gcc/arm-atollic-eabi/6.3.1/../../../../arm-atollic-eabi/lib/armv7e-m/fpu\libnosys.a
END GROUP
START GROUP
LOAD c:/program files (x86)/atollic/truestudio for stm32 9.3.0/armtools/bin/../lib/gcc/arm-atollic-eabi/6.3.1/armv7e-m/fpu\libgcc.a
LOAD c:/program files (x86)/atollic/truestudio for stm32 9.3.0/armtools/bin/../lib/gcc/arm-atollic-eabi/6.3.1/../../../../arm-atollic-eabi/lib/armv7e-m/fpu\libc_nano.a
LOAD c:/program files (x86)/atollic/truestudio for stm32 9.3.0/armtools/bin/../lib/gcc/arm-atollic-eabi/6.3.1/../../../../arm-atollic-eabi/lib/armv7e-m/fpu\libnosys.a
END GROUP
LOAD c:/program files (x86)/atollic/truestudio for stm32 9.3.0/armtools/bin/../lib/gcc/arm-atollic-eabi/6.3.1/armv7e-m/fpu/crtend.o
LOAD c:/program files (x86)/atollic/truestudio for stm32 9.3.0/armtools/bin/../lib/gcc/arm-atollic-eabi/6.3.1/armv7e-m/fpu/crtn.o
                0x20010000                _estack = 0x20010000
                0x00000200                _Min_Heap_Size = 0x200
                0x00000400                _Min_Stack_Size = 0x400

.isr_vector     0x08000000      0x194
                0x08000000                . = ALIGN (0x4)
 *(.isr_vector)
 .isr_vector    0x08000000      0x194 startup\startup_stm32f303xe.o
                0x08000000                g_pfnVectors
                0x08000194                . = ALIGN (0x4)

.text           0x08000194     0x242c
                0x08000194                . = ALIGN (0x4)
 *(.text)
 .text          0x08000194       0x40 c:/program files (x86)/atollic/truestudio for stm32 9.3.0/armtools/bin/../lib/gcc/arm-atollic-eabi/6.3.1/armv7e-m/fpu/crtbegin.o
 *(.text*)
 .text.HAL_InitTick
                0x080001d4       0x48 Drivers\STM32F3xx_HAL_Driver\Src\stm32f3xx_hal.o
                0x080001d4                HAL_InitTick
 .text.HAL_Init
                0x0800021c       0x24 Drivers\STM32F3xx_HAL_Driver\Src\stm32f3xx_hal.o
                0x0800021c                HAL_Init
 .text.HAL_IncTick
                0x08000240       0x18 Drivers\STM32F3xx_HAL_Driver\Src\stm32f3xx_hal.o
                0x08000240                HAL_IncTick
 .text.HAL_GetTick
                0x08000258        0xc Drivers\STM32F3xx_HAL_Driver\Src\stm32f3xx_hal.o
                0x08000258                HAL_GetTick
 .text.HAL_Delay
                0x08000264       0x24 Drivers\STM32F3xx_HAL_Driver\Src\stm32f3xx_hal.o
                0x08000264                HAL_Delay
 .text.HAL_NVIC_SetPriorityGrouping
                0x08000288       0x24 Drivers\STM32F3xx_HAL_Driver\Src\stm32f3xx_hal_cortex.o
                0x08000288                HAL_NVIC_SetPriorityGrouping
 .text.HAL_NVIC_SetPriority
                0x080002ac       0x6c Drivers\STM32F3xx_HAL_Driver\Src\stm32f3xx_hal_cortex.o
                0x080002ac                HAL_NVIC_SetPriority
 .text.HAL_NVIC_EnableIRQ
                0x08000318       0x18 Drivers\STM32F3xx_HAL_Driver\Src\stm32f3xx_hal_cortex.o
                0x08000318                HAL_NVIC_EnableIRQ
 .text.HAL_SYSTICK_Config
                0x08000330       0x34 Drivers\STM32F3xx_HAL_Driver\Src\stm32f3xx_hal_cortex.o
                0x08000330                HAL_SYSTICK_Config
 .text.HAL_GPIO_Init
                0x08000364      0x210 Drivers\STM32F3xx_HAL_Driver\Src\stm32f3xx_hal_gpio.o
                0x08000364                HAL_GPIO_Init
 .text.HAL_GPIO_ReadPin
                0x08000574        0xc Drivers\STM32F3xx_HAL_Driver\Src\stm32f3xx_hal_gpio.o
                0x08000574                HAL_GPIO_ReadPin
 .text.HAL_GPIO_WritePin
                0x08000580        0xc Drivers\STM32F3xx_HAL_Driver\Src\stm32f3xx_hal_gpio.o
                0x08000580                HAL_GPIO_WritePin
 .text.HAL_GPIO_TogglePin
                0x0800058c        0x8 Drivers\STM32F3xx_HAL_Driver\Src\stm32f3xx_hal_gpio.o
                0x0800058c                HAL_GPIO_TogglePin
 .text.HAL_GPIO_EXTI_IRQHandler
                0x08000594       0x18 Drivers\STM32F3xx_HAL_Driver\Src\stm32f3xx_hal_gpio.o
                0x08000594                HAL_GPIO_EXTI_IRQHandler
 .text.HAL_RCC_OscConfig
                0x080005ac      0x5a0 Drivers\STM32F3xx_HAL_Driver\Src\stm32f3xx_hal_rcc.o
                0x080005ac                HAL_RCC_OscConfig
 .text.HAL_RCC_GetSysClockFreq
                0x08000b4c       0x5c Drivers\STM32F3xx_HAL_Driver\Src\stm32f3xx_hal_rcc.o
                0x08000b4c                HAL_RCC_GetSysClockFreq
 .text.HAL_RCC_ClockConfig
                0x08000ba8      0x190 Drivers\STM32F3xx_HAL_Driver\Src\stm32f3xx_hal_rcc.o
                0x08000ba8                HAL_RCC_ClockConfig
 .text.HAL_RCC_GetPCLK1Freq
                0x08000d38       0x30 Drivers\STM32F3xx_HAL_Driver\Src\stm32f3xx_hal_rcc.o
                0x08000d38                HAL_RCC_GetPCLK1Freq
 .text.HAL_RCC_GetPCLK2Freq
                0x08000d68       0x30 Drivers\STM32F3xx_HAL_Driver\Src\stm32f3xx_hal_rcc.o
                0x08000d68                HAL_RCC_GetPCLK2Freq
 .text.HAL_RCCEx_PeriphCLKConfig
                0x08000d98      0x2a0 Drivers\STM32F3xx_HAL_Driver\Src\stm32f3xx_hal_rcc_ex.o
                0x08000d98                HAL_RCCEx_PeriphCLKConfig
 .text.HAL_TIM_PWM_MspInit
                0x08001038        0x4 Drivers\STM32F3xx_HAL_Driver\Src\stm32f3xx_hal_tim.o
                0x08001038                HAL_TIM_PWM_MspInit
 .text.HAL_TIM_PWM_Start
                0x0800103c       0x64 Drivers\STM32F3xx_HAL_Driver\Src\stm32f3xx_hal_tim.o
                0x0800103c                HAL_TIM_PWM_Start
 .text.HAL_TIM_ConfigClockSource
                0x080010a0      0x190 Drivers\STM32F3xx_HAL_Driver\Src\stm32f3xx_hal_tim.o
                0x080010a0                HAL_TIM_ConfigClockSource
 .text.TIM_Base_SetConfig
                0x08001230      0x128 Drivers\STM32F3xx_HAL_Driver\Src\stm32f3xx_hal_tim.o
                0x08001230                TIM_Base_SetConfig
 .text.HAL_TIM_Base_Init
                0x08001358       0x38 Drivers\STM32F3xx_HAL_Driver\Src\stm32f3xx_hal_tim.o
                0x08001358                HAL_TIM_Base_Init
 .text.HAL_TIM_PWM_Init
                0x08001390       0x38 Drivers\STM32F3xx_HAL_Driver\Src\stm32f3xx_hal_tim.o
                0x08001390                HAL_TIM_PWM_Init
 .text.TIM_OC1_SetConfig
                0x080013c8       0x80 Drivers\STM32F3xx_HAL_Driver\Src\stm32f3xx_hal_tim.o
                0x080013c8                TIM_OC1_SetConfig
 .text.TIM_OC2_SetConfig
                0x08001448       0xa0 Drivers\STM32F3xx_HAL_Driver\Src\stm32f3xx_hal_tim.o
                0x08001448                TIM_OC2_SetConfig
 .text.TIM_OC3_SetConfig
                0x080014e8       0xa0 Drivers\STM32F3xx_HAL_Driver\Src\stm32f3xx_hal_tim.o
                0x080014e8                TIM_OC3_SetConfig
 .text.TIM_OC4_SetConfig
                0x08001588       0x74 Drivers\STM32F3xx_HAL_Driver\Src\stm32f3xx_hal_tim.o
                0x08001588                TIM_OC4_SetConfig
 .text.TIM_OC5_SetConfig
                0x080015fc       0x74 Drivers\STM32F3xx_HAL_Driver\Src\stm32f3xx_hal_tim_ex.o
 .text.TIM_OC6_SetConfig
                0x08001670       0x74 Drivers\STM32F3xx_HAL_Driver\Src\stm32f3xx_hal_tim_ex.o
 .text.HAL_TIM_PWM_ConfigChannel
                0x080016e4      0x128 Drivers\STM32F3xx_HAL_Driver\Src\stm32f3xx_hal_tim_ex.o
                0x080016e4                HAL_TIM_PWM_ConfigChannel
 .text.HAL_TIMEx_MasterConfigSynchronization
                0x0800180c       0x5c Drivers\STM32F3xx_HAL_Driver\Src\stm32f3xx_hal_tim_ex.o
                0x0800180c                HAL_TIMEx_MasterConfigSynchronization
 .text.UART_SetConfig
                0x08001868      0x264 Drivers\STM32F3xx_HAL_Driver\Src\stm32f3xx_hal_uart.o
                0x08001868                UART_SetConfig
 .text.UART_AdvFeatureConfig
                0x08001acc       0xb0 Drivers\STM32F3xx_HAL_Driver\Src\stm32f3xx_hal_uart.o
                0x08001acc                UART_AdvFeatureConfig
 .text.UART_WaitOnFlagUntilTimeout
                0x08001b7c       0x68 Drivers\STM32F3xx_HAL_Driver\Src\stm32f3xx_hal_uart.o
                0x08001b7c                UART_WaitOnFlagUntilTimeout
 .text.UART_CheckIdleState
                0x08001be4       0x70 Drivers\STM32F3xx_HAL_Driver\Src\stm32f3xx_hal_uart.o
                0x08001be4                UART_CheckIdleState
 .text.HAL_UART_Init
                0x08001c54       0x6c Drivers\STM32F3xx_HAL_Driver\Src\stm32f3xx_hal_uart.o
                0x08001c54                HAL_UART_Init
 .text.getTimerCore
                0x08001cc0       0x48 Src\main.o
                0x08001cc0                getTimerCore
 .text.getTimer
                0x08001d08       0x34 Src\main.o
                0x08001d08                getTimer
 .text.setMotor
                0x08001d3c       0x9c Src\main.o
                0x08001d3c                setMotor
 .text.SystemClock_Config
                0x08001dd8       0x74 Src\main.o
                0x08001dd8                SystemClock_Config
 .text.startup.main
                0x08001e4c      0x46c Src\main.o
                0x08001e4c                main
 .text.HAL_GPIO_EXTI_Callback
                0x080022b8       0x24 Src\main.o
                0x080022b8                HAL_GPIO_EXTI_Callback
 .text.HAL_MspInit
                0x080022dc       0x30 Src\stm32f3xx_hal_msp.o
                0x080022dc                HAL_MspInit
 .text.HAL_TIM_Base_MspInit
                0x0800230c       0x50 Src\stm32f3xx_hal_msp.o
                0x0800230c                HAL_TIM_Base_MspInit
 .text.HAL_TIM_MspPostInit
                0x0800235c       0x90 Src\stm32f3xx_hal_msp.o
                0x0800235c                HAL_TIM_MspPostInit
 .text.HAL_UART_MspInit
                0x080023ec       0x6c Src\stm32f3xx_hal_msp.o
                0x080023ec                HAL_UART_MspInit
 .text.NMI_Handler
                0x08002458        0x4 Src\stm32f3xx_it.o
                0x08002458                NMI_Handler
 .text.HardFault_Handler
                0x0800245c        0x4 Src\stm32f3xx_it.o
                0x0800245c                HardFault_Handler
 .text.MemManage_Handler
                0x08002460        0x4 Src\stm32f3xx_it.o
                0x08002460                MemManage_Handler
 .text.BusFault_Handler
                0x08002464        0x4 Src\stm32f3xx_it.o
                0x08002464                BusFault_Handler
 .text.UsageFault_Handler
                0x08002468        0x4 Src\stm32f3xx_it.o
                0x08002468                UsageFault_Handler
 .text.SVC_Handler
                0x0800246c        0x4 Src\stm32f3xx_it.o
                0x0800246c                SVC_Handler
 .text.DebugMon_Handler
                0x08002470        0x4 Src\stm32f3xx_it.o
                0x08002470                DebugMon_Handler
 .text.PendSV_Handler
                0x08002474        0x4 Src\stm32f3xx_it.o
                0x08002474                PendSV_Handler
 .text.SysTick_Handler
                0x08002478        0x4 Src\stm32f3xx_it.o
                0x08002478                SysTick_Handler
 .text.EXTI9_5_IRQHandler
                0x0800247c        0x8 Src\stm32f3xx_it.o
                0x0800247c                EXTI9_5_IRQHandler
 .text.EXTI15_10_IRQHandler
                0x08002484        0x8 Src\stm32f3xx_it.o
                0x08002484                EXTI15_10_IRQHandler
 .text.SystemInit
                0x0800248c       0x70 Src\system_stm32f3xx.o
                0x0800248c                SystemInit
 .text.Reset_Handler
                0x080024fc       0x50 startup\startup_stm32f303xe.o
                0x080024fc                Reset_Handler
 .text.Default_Handler
                0x0800254c        0x2 startup\startup_stm32f303xe.o
                0x0800254c                RTC_Alarm_IRQHandler
                0x0800254c                TIM8_TRG_COM_IRQHandler
                0x0800254c                TIM8_CC_IRQHandler
                0x0800254c                SPI4_IRQHandler
                0x0800254c                TIM1_CC_IRQHandler
                0x0800254c                USB_HP_IRQHandler
                0x0800254c                PVD_IRQHandler
                0x0800254c                TAMP_STAMP_IRQHandler
                0x0800254c                EXTI3_IRQHandler
                0x0800254c                I2C3_ER_IRQHandler
                0x0800254c                USB_HP_CAN_TX_IRQHandler
                0x0800254c                EXTI0_IRQHandler
                0x0800254c                I2C2_EV_IRQHandler
                0x0800254c                FPU_IRQHandler
                0x0800254c                TIM1_UP_TIM16_IRQHandler
                0x0800254c                ADC1_2_IRQHandler
                0x0800254c                SPI1_IRQHandler
                0x0800254c                CAN_SCE_IRQHandler
                0x0800254c                TIM6_DAC_IRQHandler
                0x0800254c                TIM8_UP_IRQHandler
                0x0800254c                DMA2_Channel2_IRQHandler
                0x0800254c                DMA1_Channel4_IRQHandler
                0x0800254c                TIM20_TRG_COM_IRQHandler
                0x0800254c                USART3_IRQHandler
                0x0800254c                DMA1_Channel7_IRQHandler
                0x0800254c                UART5_IRQHandler
                0x0800254c                ADC3_IRQHandler
                0x0800254c                TIM4_IRQHandler
                0x0800254c                CAN_RX1_IRQHandler
                0x0800254c                DMA2_Channel1_IRQHandler
                0x0800254c                I2C1_EV_IRQHandler
                0x0800254c                DMA1_Channel6_IRQHandler
                0x0800254c                UART4_IRQHandler
                0x0800254c                DMA2_Channel4_IRQHandler
                0x0800254c                TIM3_IRQHandler
                0x0800254c                RCC_IRQHandler
                0x0800254c                TIM20_UP_IRQHandler
                0x0800254c                DMA1_Channel1_IRQHandler
                0x0800254c                Default_Handler
                0x0800254c                USBWakeUp_RMP_IRQHandler
                0x0800254c                TIM7_IRQHandler
                0x0800254c                I2C3_EV_IRQHandler
                0x0800254c                RTC_WKUP_IRQHandler
                0x0800254c                SPI2_IRQHandler
                0x0800254c                USB_LP_CAN_RX0_IRQHandler
                0x0800254c                DMA2_Channel5_IRQHandler
                0x0800254c                DMA1_Channel5_IRQHandler
                0x0800254c                USB_LP_IRQHandler
                0x0800254c                EXTI4_IRQHandler
                0x0800254c                TIM1_TRG_COM_TIM17_IRQHandler
                0x0800254c                DMA1_Channel3_IRQHandler
                0x0800254c                ADC4_IRQHandler
                0x0800254c                WWDG_IRQHandler
                0x0800254c                TIM2_IRQHandler
                0x0800254c                COMP7_IRQHandler
                0x0800254c                COMP1_2_3_IRQHandler
                0x0800254c                EXTI1_IRQHandler
                0x0800254c                USART2_IRQHandler
                0x0800254c                COMP4_5_6_IRQHandler
                0x0800254c                TIM20_BRK_IRQHandler
                0x0800254c                I2C2_ER_IRQHandler
                0x0800254c                DMA1_Channel2_IRQHandler
                0x0800254c                TIM8_BRK_IRQHandler
                0x0800254c                FLASH_IRQHandler
                0x0800254c                TIM20_CC_IRQHandler
                0x0800254c                USART1_IRQHandler
                0x0800254c                SPI3_IRQHandler
                0x0800254c                I2C1_ER_IRQHandler
                0x0800254c                FMC_IRQHandler
                0x0800254c                USBWakeUp_IRQHandler
                0x0800254c                DMA2_Channel3_IRQHandler
                0x0800254c                EXTI2_TSC_IRQHandler
                0x0800254c                TIM1_BRK_TIM15_IRQHandler
 *fill*         0x0800254e        0x2 
 .text.__libc_init_array
                0x08002550       0x48 c:/program files (x86)/atollic/truestudio for stm32 9.3.0/armtools/bin/../lib/gcc/arm-atollic-eabi/6.3.1/../../../../arm-atollic-eabi/lib/armv7e-m/fpu\libc_nano.a(lib_a-init.o)
                0x08002550                __libc_init_array
 .text.memset   0x08002598       0x10 c:/program files (x86)/atollic/truestudio for stm32 9.3.0/armtools/bin/../lib/gcc/arm-atollic-eabi/6.3.1/../../../../arm-atollic-eabi/lib/armv7e-m/fpu\libc_nano.a(lib_a-memset.o)
                0x08002598                memset
 *(.glue_7)
 .glue_7        0x080025a8        0x0 linker stubs
 *(.glue_7t)
 .glue_7t       0x080025a8        0x0 linker stubs
 *(.eh_frame)
 .eh_frame      0x080025a8        0x0 c:/program files (x86)/atollic/truestudio for stm32 9.3.0/armtools/bin/../lib/gcc/arm-atollic-eabi/6.3.1/armv7e-m/fpu/crtbegin.o
 *(.init)
 .init          0x080025a8        0x4 c:/program files (x86)/atollic/truestudio for stm32 9.3.0/armtools/bin/../lib/gcc/arm-atollic-eabi/6.3.1/armv7e-m/fpu/crti.o
                0x080025a8                _init
 .init          0x080025ac        0x8 c:/program files (x86)/atollic/truestudio for stm32 9.3.0/armtools/bin/../lib/gcc/arm-atollic-eabi/6.3.1/armv7e-m/fpu/crtn.o
 *(.fini)
 .fini          0x080025b4        0x4 c:/program files (x86)/atollic/truestudio for stm32 9.3.0/armtools/bin/../lib/gcc/arm-atollic-eabi/6.3.1/armv7e-m/fpu/crti.o
                0x080025b4                _fini
 .fini          0x080025b8        0x8 c:/program files (x86)/atollic/truestudio for stm32 9.3.0/armtools/bin/../lib/gcc/arm-atollic-eabi/6.3.1/armv7e-m/fpu/crtn.o
                0x080025c0                . = ALIGN (0x4)
                0x080025c0                _etext = .

.vfp11_veneer   0x080025c0        0x0
 .vfp11_veneer  0x080025c0        0x0 linker stubs

.v4_bx          0x080025c0        0x0
 .v4_bx         0x080025c0        0x0 linker stubs

.iplt           0x080025c0        0x0
 .iplt          0x080025c0        0x0 c:/program files (x86)/atollic/truestudio for stm32 9.3.0/armtools/bin/../lib/gcc/arm-atollic-eabi/6.3.1/armv7e-m/fpu/crtbegin.o

.rodata         0x080025c0       0x3c
                0x080025c0                . = ALIGN (0x4)
 *(.rodata)
 *(.rodata*)
 .rodata.aPLLMULFactorTable
                0x080025c0       0x10 Drivers\STM32F3xx_HAL_Driver\Src\stm32f3xx_hal_rcc.o
                0x080025c0                aPLLMULFactorTable
 .rodata.aPredivFactorTable
                0x080025d0       0x10 Drivers\STM32F3xx_HAL_Driver\Src\stm32f3xx_hal_rcc.o
                0x080025d0                aPredivFactorTable
 .rodata.CSWTCH.45
                0x080025e0        0x4 Drivers\STM32F3xx_HAL_Driver\Src\stm32f3xx_hal_uart.o
 .rodata.AHBPrescTable
                0x080025e4       0x10 Src\system_stm32f3xx.o
                0x080025e4                AHBPrescTable
 .rodata.APBPrescTable
                0x080025f4        0x8 Src\system_stm32f3xx.o
                0x080025f4                APBPrescTable
                0x080025fc                . = ALIGN (0x4)

.rel.dyn        0x080025fc        0x0
 .rel.iplt      0x080025fc        0x0 c:/program files (x86)/atollic/truestudio for stm32 9.3.0/armtools/bin/../lib/gcc/arm-atollic-eabi/6.3.1/armv7e-m/fpu/crtbegin.o

.ARM.extab
 *(.ARM.extab* .gnu.linkonce.armextab.*)

.ARM            0x080025fc        0x0
                0x080025fc                __exidx_start = .
 *(.ARM.exidx*)
                0x080025fc                __exidx_end = .

.preinit_array  0x080025fc        0x0
                0x080025fc                PROVIDE (__preinit_array_start, .)
 *(.preinit_array*)
                0x080025fc                PROVIDE (__preinit_array_end, .)

.init_array     0x080025fc        0x4
                0x080025fc                PROVIDE (__init_array_start, .)
 *(SORT(.init_array.*))
 *(.init_array*)
 .init_array    0x080025fc        0x4 c:/program files (x86)/atollic/truestudio for stm32 9.3.0/armtools/bin/../lib/gcc/arm-atollic-eabi/6.3.1/armv7e-m/fpu/crtbegin.o
                0x08002600                PROVIDE (__init_array_end, .)

.fini_array     0x08002600        0x4
                [!provide]                PROVIDE (__fini_array_start, .)
 *(SORT(.fini_array.*))
 *(.fini_array*)
 .fini_array    0x08002600        0x4 c:/program files (x86)/atollic/truestudio for stm32 9.3.0/armtools/bin/../lib/gcc/arm-atollic-eabi/6.3.1/armv7e-m/fpu/crtbegin.o
                [!provide]                PROVIDE (__fini_array_end, .)
                0x08002604                _sidata = LOADADDR (.data)

.data           0x20000000        0xc load address 0x08002604
                0x20000000                . = ALIGN (0x4)
                0x20000000                _sdata = .
 *(.data)
 *(.data*)
 .data.uwTickFreq
                0x20000000        0x1 Drivers\STM32F3xx_HAL_Driver\Src\stm32f3xx_hal.o
                0x20000000                uwTickFreq
 *fill*         0x20000001        0x3 
 .data.uwTickPrio
                0x20000004        0x4 Drivers\STM32F3xx_HAL_Driver\Src\stm32f3xx_hal.o
                0x20000004                uwTickPrio
 .data.SystemCoreClock
                0x20000008        0x4 Src\system_stm32f3xx.o
                0x20000008                SystemCoreClock
                0x2000000c                . = ALIGN (0x4)
                0x2000000c                _edata = .
                0x08002610                _siccmram = LOADADDR (.ccmram)

.igot.plt       0x2000000c        0x0 load address 0x08002610
 .igot.plt      0x2000000c        0x0 c:/program files (x86)/atollic/truestudio for stm32 9.3.0/armtools/bin/../lib/gcc/arm-atollic-eabi/6.3.1/armv7e-m/fpu/crtbegin.o

.ccmram         0x10000000        0x0 load address 0x08002610
                0x10000000                . = ALIGN (0x4)
                0x10000000                _sccmram = .
 *(.ccmram)
 *(.ccmram*)
                0x10000000                . = ALIGN (0x4)
                0x10000000                _eccmram = .
                0x10000000                . = ALIGN (0x4)

.bss            0x2000000c      0x130
                0x2000000c                _sbss = .
                0x2000000c                __bss_start__ = _sbss
 *(.bss)
 .bss           0x2000000c       0x1c c:/program files (x86)/atollic/truestudio for stm32 9.3.0/armtools/bin/../lib/gcc/arm-atollic-eabi/6.3.1/armv7e-m/fpu/crtbegin.o
 *(.bss*)
 .bss.deltaL    0x20000028        0x4 Src\main.o
                0x20000028                deltaL
 .bss.deltaM    0x2000002c        0x4 Src\main.o
                0x2000002c                deltaM
 .bss.deltaR    0x20000030        0x4 Src\main.o
                0x20000030                deltaR
 .bss.regL      0x20000034        0x4 Src\main.o
                0x20000034                regL
 .bss.regR      0x20000038        0x4 Src\main.o
                0x20000038                regR
 .bss.timerL    0x2000003c        0x4 Src\main.o
                0x2000003c                timerL
 .bss.timerM    0x20000040        0x4 Src\main.o
                0x20000040                timerM
 .bss.timerR    0x20000044        0x4 Src\main.o
                0x20000044                timerR
 *(COMMON)
 COMMON         0x20000048        0x4 Drivers\STM32F3xx_HAL_Driver\Src\stm32f3xx_hal.o
                0x20000048                uwTick
 COMMON         0x2000004c       0xf0 Src\main.o
                0x2000004c                htim4
                0x2000008c                htim3
                0x200000cc                huart2
                0x2000013c                . = ALIGN (0x4)
                0x2000013c                _ebss = .
                0x2000013c                __bss_end__ = _ebss

._user_heap_stack
                0x2000013c      0x600
                0x2000013c                . = ALIGN (0x4)
                0x2000013c                PROVIDE (end, .)
                [!provide]                PROVIDE (_end, .)
                0x2000033c                . = (. + _Min_Heap_Size)
 *fill*         0x2000013c      0x200 
                0x2000073c                . = (. + _Min_Stack_Size)
 *fill*         0x2000033c      0x400 
                0x2000073c                . = ALIGN (0x4)

/DISCARD/
 libc.a(*)
 libm.a(*)
 libgcc.a(*)

.ARM.attributes
                0x00000000       0x30
 *(.ARM.attributes)
 .ARM.attributes
                0x00000000       0x22 c:/program files (x86)/atollic/truestudio for stm32 9.3.0/armtools/bin/../lib/gcc/arm-atollic-eabi/6.3.1/armv7e-m/fpu/crti.o
 .ARM.attributes
                0x00000022       0x34 c:/program files (x86)/atollic/truestudio for stm32 9.3.0/armtools/bin/../lib/gcc/arm-atollic-eabi/6.3.1/armv7e-m/fpu/crtbegin.o
 .ARM.attributes
                0x00000056       0x39 Drivers\STM32F3xx_HAL_Driver\Src\stm32f3xx_hal.o
 .ARM.attributes
                0x0000008f       0x39 Drivers\STM32F3xx_HAL_Driver\Src\stm32f3xx_hal_cortex.o
 .ARM.attributes
                0x000000c8       0x39 Drivers\STM32F3xx_HAL_Driver\Src\stm32f3xx_hal_gpio.o
 .ARM.attributes
                0x00000101       0x39 Drivers\STM32F3xx_HAL_Driver\Src\stm32f3xx_hal_rcc.o
 .ARM.attributes
                0x0000013a       0x39 Drivers\STM32F3xx_HAL_Driver\Src\stm32f3xx_hal_rcc_ex.o
 .ARM.attributes
                0x00000173       0x39 Drivers\STM32F3xx_HAL_Driver\Src\stm32f3xx_hal_tim.o
 .ARM.attributes
                0x000001ac       0x39 Drivers\STM32F3xx_HAL_Driver\Src\stm32f3xx_hal_tim_ex.o
 .ARM.attributes
                0x000001e5       0x39 Drivers\STM32F3xx_HAL_Driver\Src\stm32f3xx_hal_uart.o
 .ARM.attributes
                0x0000021e       0x39 Src\main.o
 .ARM.attributes
                0x00000257       0x39 Src\stm32f3xx_hal_msp.o
 .ARM.attributes
                0x00000290       0x39 Src\stm32f3xx_it.o
 .ARM.attributes
                0x000002c9       0x39 Src\system_stm32f3xx.o
 .ARM.attributes
                0x00000302       0x21 startup\startup_stm32f303xe.o
 .ARM.attributes
                0x00000323       0x34 c:/program files (x86)/atollic/truestudio for stm32 9.3.0/armtools/bin/../lib/gcc/arm-atollic-eabi/6.3.1/../../../../arm-atollic-eabi/lib/armv7e-m/fpu\libc_nano.a(lib_a-init.o)
 .ARM.attributes
                0x00000357       0x34 c:/program files (x86)/atollic/truestudio for stm32 9.3.0/armtools/bin/../lib/gcc/arm-atollic-eabi/6.3.1/../../../../arm-atollic-eabi/lib/armv7e-m/fpu\libc_nano.a(lib_a-memset.o)
 .ARM.attributes
                0x0000038b       0x22 c:/program files (x86)/atollic/truestudio for stm32 9.3.0/armtools/bin/../lib/gcc/arm-atollic-eabi/6.3.1/armv7e-m/fpu/crtn.o
OUTPUT(automatic walking car.elf elf32-littlearm)

.debug_info     0x00000000    0x1352d
 .debug_info    0x00000000     0x10cc Drivers\STM32F3xx_HAL_Driver\Src\stm32f3xx_hal.o
 .debug_info    0x000010cc     0x16e2 Drivers\STM32F3xx_HAL_Driver\Src\stm32f3xx_hal_cortex.o
 .debug_info    0x000027ae      0xf9a Drivers\STM32F3xx_HAL_Driver\Src\stm32f3xx_hal_gpio.o
 .debug_info    0x00003748     0x1b3e Drivers\STM32F3xx_HAL_Driver\Src\stm32f3xx_hal_rcc.o
 .debug_info    0x00005286     0x1053 Drivers\STM32F3xx_HAL_Driver\Src\stm32f3xx_hal_rcc_ex.o
 .debug_info    0x000062d9     0x4051 Drivers\STM32F3xx_HAL_Driver\Src\stm32f3xx_hal_tim.o
 .debug_info    0x0000a32a     0x1f18 Drivers\STM32F3xx_HAL_Driver\Src\stm32f3xx_hal_tim_ex.o
 .debug_info    0x0000c242     0x227b Drivers\STM32F3xx_HAL_Driver\Src\stm32f3xx_hal_uart.o
 .debug_info    0x0000e4bd     0x2498 Src\main.o
 .debug_info    0x00010955     0x14cc Src\stm32f3xx_hal_msp.o
 .debug_info    0x00011e21      0xa39 Src\stm32f3xx_it.o
 .debug_info    0x0001285a      0xc20 Src\system_stm32f3xx.o
 .debug_info    0x0001347a       0xb3 startup\startup_stm32f303xe.o

.debug_abbrev   0x00000000     0x240b
 .debug_abbrev  0x00000000      0x2f9 Drivers\STM32F3xx_HAL_Driver\Src\stm32f3xx_hal.o
 .debug_abbrev  0x000002f9      0x37d Drivers\STM32F3xx_HAL_Driver\Src\stm32f3xx_hal_cortex.o
 .debug_abbrev  0x00000676      0x277 Drivers\STM32F3xx_HAL_Driver\Src\stm32f3xx_hal_gpio.o
 .debug_abbrev  0x000008ed      0x354 Drivers\STM32F3xx_HAL_Driver\Src\stm32f3xx_hal_rcc.o
 .debug_abbrev  0x00000c41      0x31f Drivers\STM32F3xx_HAL_Driver\Src\stm32f3xx_hal_rcc_ex.o
 .debug_abbrev  0x00000f60      0x3c3 Drivers\STM32F3xx_HAL_Driver\Src\stm32f3xx_hal_tim.o
 .debug_abbrev  0x00001323      0x357 Drivers\STM32F3xx_HAL_Driver\Src\stm32f3xx_hal_tim_ex.o
 .debug_abbrev  0x0000167a      0x3b2 Drivers\STM32F3xx_HAL_Driver\Src\stm32f3xx_hal_uart.o
 .debug_abbrev  0x00001a2c      0x3cd Src\main.o
 .debug_abbrev  0x00001df9      0x23b Src\stm32f3xx_hal_msp.o
 .debug_abbrev  0x00002034      0x1fb Src\stm32f3xx_it.o
 .debug_abbrev  0x0000222f      0x1ca Src\system_stm32f3xx.o
 .debug_abbrev  0x000023f9       0x12 startup\startup_stm32f303xe.o

.debug_loc      0x00000000     0x9573
 .debug_loc     0x00000000      0x11c Drivers\STM32F3xx_HAL_Driver\Src\stm32f3xx_hal.o
 .debug_loc     0x0000011c      0x63a Drivers\STM32F3xx_HAL_Driver\Src\stm32f3xx_hal_cortex.o
 .debug_loc     0x00000756      0x382 Drivers\STM32F3xx_HAL_Driver\Src\stm32f3xx_hal_gpio.o
 .debug_loc     0x00000ad8      0x97c Drivers\STM32F3xx_HAL_Driver\Src\stm32f3xx_hal_rcc.o
 .debug_loc     0x00001454      0x7b6 Drivers\STM32F3xx_HAL_Driver\Src\stm32f3xx_hal_rcc_ex.o
 .debug_loc     0x00001c0a     0x48aa Drivers\STM32F3xx_HAL_Driver\Src\stm32f3xx_hal_tim.o
 .debug_loc     0x000064b4     0x15ff Drivers\STM32F3xx_HAL_Driver\Src\stm32f3xx_hal_tim_ex.o
 .debug_loc     0x00007ab3     0x1772 Drivers\STM32F3xx_HAL_Driver\Src\stm32f3xx_hal_uart.o
 .debug_loc     0x00009225      0x1c4 Src\main.o
 .debug_loc     0x000093e9       0x95 Src\stm32f3xx_hal_msp.o
 .debug_loc     0x0000947e       0xf5 Src\system_stm32f3xx.o

.debug_aranges  0x00000000      0x8e8
 .debug_aranges
                0x00000000       0xd8 Drivers\STM32F3xx_HAL_Driver\Src\stm32f3xx_hal.o
 .debug_aranges
                0x000000d8       0xa8 Drivers\STM32F3xx_HAL_Driver\Src\stm32f3xx_hal_cortex.o
 .debug_aranges
                0x00000180       0x58 Drivers\STM32F3xx_HAL_Driver\Src\stm32f3xx_hal_gpio.o
 .debug_aranges
                0x000001d8       0x88 Drivers\STM32F3xx_HAL_Driver\Src\stm32f3xx_hal_rcc.o
 .debug_aranges
                0x00000260       0x30 Drivers\STM32F3xx_HAL_Driver\Src\stm32f3xx_hal_rcc_ex.o
 .debug_aranges
                0x00000290      0x268 Drivers\STM32F3xx_HAL_Driver\Src\stm32f3xx_hal_tim.o
 .debug_aranges
                0x000004f8      0x118 Drivers\STM32F3xx_HAL_Driver\Src\stm32f3xx_hal_tim_ex.o
 .debug_aranges
                0x00000610      0x198 Drivers\STM32F3xx_HAL_Driver\Src\stm32f3xx_hal_uart.o
 .debug_aranges
                0x000007a8       0x50 Src\main.o
 .debug_aranges
                0x000007f8       0x48 Src\stm32f3xx_hal_msp.o
 .debug_aranges
                0x00000840       0x58 Src\stm32f3xx_it.o
 .debug_aranges
                0x00000898       0x28 Src\system_stm32f3xx.o
 .debug_aranges
                0x000008c0       0x28 startup\startup_stm32f303xe.o

.debug_ranges   0x00000000      0xfd8
 .debug_ranges  0x00000000       0xc8 Drivers\STM32F3xx_HAL_Driver\Src\stm32f3xx_hal.o
 .debug_ranges  0x000000c8      0x160 Drivers\STM32F3xx_HAL_Driver\Src\stm32f3xx_hal_cortex.o
 .debug_ranges  0x00000228       0x60 Drivers\STM32F3xx_HAL_Driver\Src\stm32f3xx_hal_gpio.o
 .debug_ranges  0x00000288      0x288 Drivers\STM32F3xx_HAL_Driver\Src\stm32f3xx_hal_rcc.o
 .debug_ranges  0x00000510       0xd0 Drivers\STM32F3xx_HAL_Driver\Src\stm32f3xx_hal_rcc_ex.o
 .debug_ranges  0x000005e0      0x4e0 Drivers\STM32F3xx_HAL_Driver\Src\stm32f3xx_hal_tim.o
 .debug_ranges  0x00000ac0      0x108 Drivers\STM32F3xx_HAL_Driver\Src\stm32f3xx_hal_tim_ex.o
 .debug_ranges  0x00000bc8      0x1a0 Drivers\STM32F3xx_HAL_Driver\Src\stm32f3xx_hal_uart.o
 .debug_ranges  0x00000d68      0x130 Src\main.o
 .debug_ranges  0x00000e98       0xc0 Src\stm32f3xx_hal_msp.o
 .debug_ranges  0x00000f58       0x48 Src\stm32f3xx_it.o
 .debug_ranges  0x00000fa0       0x18 Src\system_stm32f3xx.o
 .debug_ranges  0x00000fb8       0x20 startup\startup_stm32f303xe.o

.debug_line     0x00000000     0x5d33
 .debug_line    0x00000000      0x481 Drivers\STM32F3xx_HAL_Driver\Src\stm32f3xx_hal.o
 .debug_line    0x00000481      0x4f4 Drivers\STM32F3xx_HAL_Driver\Src\stm32f3xx_hal_cortex.o
 .debug_line    0x00000975      0x483 Drivers\STM32F3xx_HAL_Driver\Src\stm32f3xx_hal_gpio.o
 .debug_line    0x00000df8      0x8ea Drivers\STM32F3xx_HAL_Driver\Src\stm32f3xx_hal_rcc.o
 .debug_line    0x000016e2      0x612 Drivers\STM32F3xx_HAL_Driver\Src\stm32f3xx_hal_rcc_ex.o
 .debug_line    0x00001cf4     0x1739 Drivers\STM32F3xx_HAL_Driver\Src\stm32f3xx_hal_tim.o
 .debug_line    0x0000342d      0xa95 Drivers\STM32F3xx_HAL_Driver\Src\stm32f3xx_hal_tim_ex.o
 .debug_line    0x00003ec2      0xfb5 Drivers\STM32F3xx_HAL_Driver\Src\stm32f3xx_hal_uart.o
 .debug_line    0x00004e77      0x528 Src\main.o
 .debug_line    0x0000539f      0x3a2 Src\stm32f3xx_hal_msp.o
 .debug_line    0x00005741      0x2ee Src\stm32f3xx_it.o
 .debug_line    0x00005a2f      0x285 Src\system_stm32f3xx.o
 .debug_line    0x00005cb4       0x7f startup\startup_stm32f303xe.o

.debug_str      0x00000000     0x3cbe
 .debug_str     0x00000000      0xe2b Drivers\STM32F3xx_HAL_Driver\Src\stm32f3xx_hal.o
                                0xed2 (size before relaxing)
 .debug_str     0x00000e2b      0x3f0 Drivers\STM32F3xx_HAL_Driver\Src\stm32f3xx_hal_cortex.o
                               0x106f (size before relaxing)
 .debug_str     0x0000121b      0x248 Drivers\STM32F3xx_HAL_Driver\Src\stm32f3xx_hal_gpio.o
                                0x987 (size before relaxing)
 .debug_str     0x00001463      0x30d Drivers\STM32F3xx_HAL_Driver\Src\stm32f3xx_hal_rcc.o
                                0xae6 (size before relaxing)
 .debug_str     0x00001770      0x2b9 Drivers\STM32F3xx_HAL_Driver\Src\stm32f3xx_hal_rcc_ex.o
                                0xa7a (size before relaxing)
 .debug_str     0x00001a29     0x1150 Drivers\STM32F3xx_HAL_Driver\Src\stm32f3xx_hal_tim.o
                               0x188b (size before relaxing)
 .debug_str     0x00002b79      0x5a3 Drivers\STM32F3xx_HAL_Driver\Src\stm32f3xx_hal_tim_ex.o
                               0x12c6 (size before relaxing)
 .debug_str     0x0000311c      0x937 Drivers\STM32F3xx_HAL_Driver\Src\stm32f3xx_hal_uart.o
                               0x1303 (size before relaxing)
 .debug_str     0x00003a53      0x128 Src\main.o
                               0x18e4 (size before relaxing)
 .debug_str     0x00003b7b       0x25 Src\stm32f3xx_hal_msp.o
                                0xe37 (size before relaxing)
 .debug_str     0x00003ba0       0xce Src\stm32f3xx_it.o
                                0x767 (size before relaxing)
 .debug_str     0x00003c6e       0x50 Src\system_stm32f3xx.o
                                0x76b (size before relaxing)

.comment        0x00000000       0x7c
 .comment       0x00000000       0x7c Drivers\STM32F3xx_HAL_Driver\Src\stm32f3xx_hal.o
                                 0x7d (size before relaxing)
 .comment       0x0000007c       0x7d Drivers\STM32F3xx_HAL_Driver\Src\stm32f3xx_hal_cortex.o
 .comment       0x0000007c       0x7d Drivers\STM32F3xx_HAL_Driver\Src\stm32f3xx_hal_gpio.o
 .comment       0x0000007c       0x7d Drivers\STM32F3xx_HAL_Driver\Src\stm32f3xx_hal_rcc.o
 .comment       0x0000007c       0x7d Drivers\STM32F3xx_HAL_Driver\Src\stm32f3xx_hal_rcc_ex.o
 .comment       0x0000007c       0x7d Drivers\STM32F3xx_HAL_Driver\Src\stm32f3xx_hal_tim.o
 .comment       0x0000007c       0x7d Drivers\STM32F3xx_HAL_Driver\Src\stm32f3xx_hal_tim_ex.o
 .comment       0x0000007c       0x7d Drivers\STM32F3xx_HAL_Driver\Src\stm32f3xx_hal_uart.o
 .comment       0x0000007c       0x7d Src\main.o
 .comment       0x0000007c       0x7d Src\stm32f3xx_hal_msp.o
 .comment       0x0000007c       0x7d Src\stm32f3xx_it.o
 .comment       0x0000007c       0x7d Src\system_stm32f3xx.o

.debug_frame    0x00000000     0x1cd4
 .debug_frame   0x00000000      0x1d0 Drivers\STM32F3xx_HAL_Driver\Src\stm32f3xx_hal.o
 .debug_frame   0x000001d0      0x18c Drivers\STM32F3xx_HAL_Driver\Src\stm32f3xx_hal_cortex.o
 .debug_frame   0x0000035c       0xf0 Drivers\STM32F3xx_HAL_Driver\Src\stm32f3xx_hal_gpio.o
 .debug_frame   0x0000044c      0x16c Drivers\STM32F3xx_HAL_Driver\Src\stm32f3xx_hal_rcc.o
 .debug_frame   0x000005b8       0xa4 Drivers\STM32F3xx_HAL_Driver\Src\stm32f3xx_hal_rcc_ex.o
 .debug_frame   0x0000065c      0x9b8 Drivers\STM32F3xx_HAL_Driver\Src\stm32f3xx_hal_tim.o
 .debug_frame   0x00001014      0x41c Drivers\STM32F3xx_HAL_Driver\Src\stm32f3xx_hal_tim_ex.o
 .debug_frame   0x00001430      0x5ec Drivers\STM32F3xx_HAL_Driver\Src\stm32f3xx_hal_uart.o
 .debug_frame   0x00001a1c       0xbc Src\main.o
 .debug_frame   0x00001ad8       0xb4 Src\stm32f3xx_hal_msp.o
 .debug_frame   0x00001b8c       0xc0 Src\stm32f3xx_it.o
 .debug_frame   0x00001c4c       0x3c Src\system_stm32f3xx.o
 .debug_frame   0x00001c88       0x2c c:/program files (x86)/atollic/truestudio for stm32 9.3.0/armtools/bin/../lib/gcc/arm-atollic-eabi/6.3.1/../../../../arm-atollic-eabi/lib/armv7e-m/fpu\libc_nano.a(lib_a-init.o)
 .debug_frame   0x00001cb4       0x20 c:/program files (x86)/atollic/truestudio for stm32 9.3.0/armtools/bin/../lib/gcc/arm-atollic-eabi/6.3.1/../../../../arm-atollic-eabi/lib/armv7e-m/fpu\libc_nano.a(lib_a-memset.o)
